[2025-05-17 12:02:40] help
[2025-05-17 12:02:59] set path /home/void/Downloads
[2025-05-17 12:03:08] set mode snapshot
[2025-05-17 12:03:10] run
[2025-05-17 12:03:35] exit
[2025-05-17 13:09:17] help
[2025-05-17 13:09:21] help
[2025-05-17 13:09:37] set path /home/void/Downloads
[2025-05-17 13:10:03] set mode duplicates
[2025-05-17 13:10:08] show
[2025-05-17 13:10:43] run
[2025-05-17 13:13:17] exit
[2025-05-17 13:14:41] help
[2025-05-17 13:15:01] set path /home/void/Downloads
[2025-05-17 13:16:29] set mode duplicates
[2025-05-17 13:16:32] show
[2025-05-17 13:16:36] run
[2025-05-17 13:17:49] show
[2025-05-17 13:18:01] help set
[2025-05-17 13:18:10] set mode tracker
[2025-05-17 13:18:14] run
[2025-05-17 13:31:23] help
[2025-05-17 13:31:31] set mode snapshot
[2025-05-17 13:31:46] set path /home/void/Downloads
[2025-05-17 13:31:49] run
[2025-05-17 13:32:47] run
[2025-05-17 13:33:38] run
[2025-05-17 13:34:17] run
[2025-05-17 13:35:08] exit
[2025-05-17 13:35:42] help
[2025-05-17 13:35:47] set mode snapshot
[2025-05-17 13:36:11] set path /home/void/Downloads
[2025-05-17 13:36:14] run
[2025-05-17 13:36:59] run
[2025-05-17 13:37:36] run
[2025-05-17 13:38:05] run
[2025-05-17 13:39:08] set mode duplicates
[2025-05-17 13:39:10] run
[2025-05-17 13:40:34] exit
[2025-05-17 13:48:04] help
[2025-05-17 13:48:12] set mode tracker
[2025-05-17 13:48:25] set path /home/void/Downloads
[2025-05-17 13:48:28] show
[2025-05-17 13:49:05] run
[2025-05-17 13:52:15] exit
[2025-05-17 13:52:49] help
[2025-05-17 13:52:56] set mode tracker
[2025-05-17 13:53:30] set path /home/void/Downloads
[2025-05-17 13:53:33] run
[2025-05-17 14:02:16] help
[2025-05-17 14:02:25] set mode tracker
[2025-05-17 14:02:43] set path /home/void/Downloads
[2025-05-17 14:02:47] sd
[2025-05-17 14:02:58] show
[2025-05-17 14:03:01] run
[2025-05-17 14:12:49] help
[2025-05-17 14:12:55] set mode tracker
[2025-05-17 14:13:22] set path /home/void/Downloads
[2025-05-17 14:13:44] run
[2025-05-17 14:21:19] help
[2025-05-17 14:21:31] set path /home/void/Downloads
[2025-05-17 14:22:03] set mode tracker
[2025-05-17 14:22:05] show
[2025-05-17 14:22:13] run
[2025-05-17 14:26:32] help
[2025-05-17 14:26:36] set mode tracker
[2025-05-17 14:27:29] set path /home/void/Downloads
[2025-05-17 14:27:33] run
[2025-05-17 14:33:04] help
[2025-05-17 14:33:08] set mode tracker
[2025-05-17 14:33:18] set path /home/void/Downloads
[2025-05-17 14:33:20] show
[2025-05-17 14:33:21] run
[2025-05-17 14:38:21] set path /home/void/Downloads
[2025-05-17 14:38:29] set mode tracker
[2025-05-17 14:38:31] run
[2025-05-17 14:45:17] set mode tracker
[2025-05-17 14:45:31] set path /home/void/Downloads
[2025-05-17 14:45:32] run
[2025-05-17 14:46:55] set mode tracker
[2025-05-17 14:47:07] set path /home/void/Downloads
[2025-05-17 14:47:09] run
[2025-05-17 14:53:53] help
[2025-05-17 14:54:04] set path /home/void/Downloads
[2025-05-17 14:54:11] set mode tracker
[2025-05-17 14:54:13] run
[2025-05-17 14:59:30] help
[2025-05-17 14:59:36] set mode tracker
[2025-05-17 14:59:50] set path /home/void/Downloads
[2025-05-17 14:59:52] run
[2025-05-17 15:01:14] set mode tracker
[2025-05-17 15:01:30] set path /home/void/Downloads
[2025-05-17 15:01:34] run
[2025-05-17 15:09:46] set path /home/void/Downloads
[2025-05-17 15:09:54] set mode tracker
[2025-05-17 15:09:56] run
[2025-05-17 15:10:23] run
[2025-05-17 15:11:01] exit
[2025-05-17 15:19:54] set path /home/void/Downloads
[2025-05-17 15:19:58] set mode tracker
[2025-05-17 15:20:00] run
[2025-05-17 15:20:44] set mode snapshot
[2025-05-17 15:20:48] run
[2025-05-17 15:22:04] exit
[2025-05-18 19:09:05] help
[2025-05-18 19:09:13] help set
[2025-05-18 19:09:29] set path /home/void/Downloads
[2025-05-18 19:09:38] set mode duplicates
[2025-05-18 19:09:48] show
[2025-05-18 19:09:52] run
[2025-05-19 19:32:23] exit
[2025-05-19 19:35:16] help
[2025-05-19 19:35:39] set mode duplicates
[2025-05-19 19:37:19] ثءهف
[2025-05-19 19:37:22] exit
[2025-09-07 13:50:57] help
[2025-09-07 13:51:13] exit
[2025-09-07 13:53:07] help
[2025-09-07 13:54:38] set /home/void/Github/AI-Forensic-Duplicate-Detection-CLI/src/ai_model/sample_cases
[2025-09-07 13:55:46] set mode duplicate
[2025-09-07 13:56:05] show
[2025-09-07 13:56:20] set path /home/void/Github/AI-Forensic-Duplicate-Detection-CLI/src/ai_model/sample_cases
[2025-09-07 13:56:24] show
[2025-09-07 13:56:33] run
[2025-09-07 13:57:06] set mode duplicates
[2025-09-07 13:57:09] show
[2025-09-07 13:57:11] run
[2025-09-07 14:02:40] احمد
[2025-09-07 14:05:21] set mode snapshot
[2025-09-07 14:05:28] show
[2025-09-07 14:05:37] run
[2025-09-07 14:06:41] run
[2025-09-07 14:09:19] exit
[2025-09-07 14:11:32] set path /home/void/Github/AI-Forensic-Duplicate-Detection-CLI/src/ai_model/sample_cases
[2025-09-07 14:11:43] set mode snapshot
[2025-09-07 14:11:46] run
[2025-09-07 14:16:02] exit
[2025-09-07 14:18:09] help
[2025-09-07 14:18:19] set path /home/void/Github/AI-Forensic-Duplicate-Detection-CLI/src/ai_model/sample_cases
[2025-09-07 14:18:24] set path /home/void/Github/AI-Forensic-Duplicate-Detection-CLI/src/ai_model/sample_cases
[2025-09-07 14:18:29] set mode snapshot
[2025-09-07 14:18:31] run
[2025-09-07 14:20:44] set path /home/void/Github/AI-Forensic-Duplicate-Detection-CLI/src/ai_model/sample_cases
[2025-09-07 14:20:51] set mode snapshot
[2025-09-07 14:20:57] run
[2025-09-07 14:23:11] run
[2025-09-07 14:23:14] exit
[2025-09-07 14:24:01] set path /home/void/Github/AI-Forensic-Duplicate-Detection-CLI/src/ai_model/sample_cases
[2025-09-07 14:24:08] set mode snapshot
[2025-09-07 14:24:11] run
[2025-09-07 14:25:02] run
[2025-09-07 14:26:45] set mode tracker
[2025-09-07 14:26:55] run
[2025-09-07 14:29:48] exit
[2025-09-07 14:31:06] set path /home/void/Github/AI-Forensic-Duplicate-Detection-CLI/src/ai_model/sample_cases
[2025-09-07 14:31:13] set mode tracker
[2025-09-07 14:31:15] run
